EN section3_schematic NULL "//stak.engr.oregonstate.edu/students/g/galec/Windows.Documents/My Documents/Sophomore/section5_v3/section3_schematic.vhf" sub00/vhpl00 1368132520
MO verilog_module_lab5 NULL verilog_module_lab5.v vlg44/verilog__module__lab5.bin 1368132520
AR section3_schematic behavioral "//stak.engr.oregonstate.edu/students/g/galec/Windows.Documents/My Documents/Sophomore/section5_v3/section3_schematic.vhf" sub00/vhpl01 1368132521
MO Sc5 NULL verilog_module_lab5.v vlg3F/_sc5.bin 1368132520
MO Section3_Schematic NULL F:/Section3/Section3_Schematic.v vlg10/_section3___schematic.bin 1368130175
