AR section2_schematic behavioral "//stak.engr.oregonstate.edu/students/g/galec/Windows.Documents/My Documents/Sophomore/Section2/Section2_Schematic.vhf" sub00/vhpl01 1365639710
EN section2_schematic NULL "//stak.engr.oregonstate.edu/students/g/galec/Windows.Documents/My Documents/Sophomore/Section2/Section2_Schematic.vhf" sub00/vhpl00 1365639709
