V3 9
FL "//stak.engr.oregonstate.edu/students/g/galec/Windows.Documents/My Documents/Sophomore/Section2/Section2_Schematic.vhf" 2013/04/10.17:21:42 P.15xf
EN work/Section2_Schematic 1365639709 \
      FL "//stak.engr.oregonstate.edu/students/g/galec/Windows.Documents/My Documents/Sophomore/Section2/Section2_Schematic.vhf" \
      PB ieee/std_logic_1164 1335251622 PB ieee/NUMERIC_STD 1335251627 LB UNISIM \
      PH unisim/VCOMPONENTS 1335251629
AR work/Section2_Schematic/BEHAVIORAL 1365639710 \
      FL "//stak.engr.oregonstate.edu/students/g/galec/Windows.Documents/My Documents/Sophomore/Section2/Section2_Schematic.vhf" \
      EN work/Section2_Schematic 1365639709 CP AND2 CP OR2 CP XOR2 CP INV CP IBUF
